D:/01_Vignesh Babu R/04_Workouts/Neon-S/2025/04_APR/24-04-2025/Neon_S_V_2.59_Final_review_verification/DAC_DRIVER/DAC_driver.c:205:10:calculateADCResult	8	static
D:/01_Vignesh Babu R/04_Workouts/Neon-S/2025/04_APR/24-04-2025/Neon_S_V_2.59_Final_review_verification/DAC_DRIVER/DAC_driver.c:325:6:DAC_i2c_start	0	static
D:/01_Vignesh Babu R/04_Workouts/Neon-S/2025/04_APR/24-04-2025/Neon_S_V_2.59_Final_review_verification/DAC_DRIVER/DAC_driver.c:350:6:DAC_i2c_Stop	0	static
D:/01_Vignesh Babu R/04_Workouts/Neon-S/2025/04_APR/24-04-2025/Neon_S_V_2.59_Final_review_verification/DAC_DRIVER/DAC_driver.c:217:10:DAC__datawrite	32	static
