../Alarm/Alarm.c:85:6:Alarm_screen	40	static
../Alarm/Alarm.c:108:6:Alarm_screen_1	40	static
../Alarm/Alarm.c:133:6:Error_screen	32	static
../Alarm/Alarm.c:154:6:alarm_string	8	static
../Alarm/Alarm.c:278:6:Alarm	32	static
../Alarm/Alarm.c:404:6:Warning_screen	40	static
../Alarm/Alarm.c:454:6:warn_tone	0	static
../Alarm/Alarm.c:476:6:Notif_screen	32	static
../Alarm/Alarm.c:495:6:Notif_screen_1	32	static
../Alarm/Alarm.c:523:6:Warning_Scr_Erase	16	static
../Alarm/Alarm.c:546:6:Alarm_Running	152	static
../Alarm/Alarm.c:590:6:Alarm_war_screen	40	static
../Alarm/Alarm.c:732:6:Mains_symbol	32	static
../Alarm/Alarm.c:755:6:caution_info	32	static
../Alarm/Alarm.c:769:6:Single_line_fun	56	static
../Alarm/Alarm.c:643:6:Notification	24	static
