../TFT_String/TFT_String.c:97:9:TFT_ST7789V_sercch_symbol_24pt	56	static
../TFT_String/TFT_String.c:197:9:TFT_ST7789V_tick_symbol_14pt	88	static
../TFT_String/TFT_String.c:254:9:TFT_ST7789V_keylock4_symbol_16pt	144	static
../TFT_String/TFT_String.c:307:9:TFT_ST7789V_keyunlock4_symbol_16pt	144	static
../TFT_String/TFT_String.c:474:22:ascii_details	12	static
../TFT_String/TFT_String.c:423:10:TFT_writechar	80	static
../TFT_String/TFT_String.c:406:10:TFT_String	32	static
../TFT_String/TFT_String.c:184:6:TFT_Number_month	32	static
../TFT_String/TFT_String.c:362:10:TFT_writenumber_float	48	static
../TFT_String/TFT_String.c:377:10:TFT_writenumber_float_1d	48	static
../TFT_String/TFT_String.c:393:6:TFT_Number	48	static
../TFT_String/TFT_String.c:524:6:Font_Select	0	static
../TFT_String/TFT_String.c:160:6:TFT_screen_saver_Time_disp	48	static
../TFT_String/TFT_String.c:584:6:TFT_ST7789V__Bottom_curve	48	static
../TFT_String/TFT_String.c:703:10:Letters_Alignments	56	static
../TFT_String/TFT_String.c:607:6:Frame_Header	24	static
../TFT_String/TFT_String.c:620:6:Frame_Footer_NC	24	static
../TFT_String/TFT_String.c:635:6:Frame_Footer	40	static
../TFT_String/TFT_String.c:777:9:TFT_ST7789V_left_Right_arrow_14_arial	72	static
../TFT_String/TFT_String.c:834:9:TFT_ST7789V_up_down_arrow_20_arial	88	static
../TFT_String/TFT_String.c:891:9:TFT_ST7789V_Left_Arrow_35pt	120	static
../TFT_String/TFT_String.c:992:9:ZOOZ_LOGO	2224	static
../TFT_String/TFT_String.c:1112:10:Right_Alignments	48	static
../TFT_String/TFT_String.c:1145:10:Dosage_Alignments	40	static
../TFT_String/TFT_String.c:1178:10:Flow_rate_Alignments	40	static
../TFT_String/TFT_String.c:1259:9:TFT_ST7789V_Triangle_24pt	152	static
../TFT_String/TFT_String.c:1370:9:TFT_ST7789V_Exclamatory_9pt_arial	72	static
../TFT_String/TFT_String.c:1433:9:TFT_ST7789V_Left_Arrow_22pt	104	static
../TFT_String/TFT_String.c:1495:10:TFT_ST7789V_ALARM_ARROW_20pt	96	static
../TFT_String/TFT_String.c:1559:9:TFT_ST7789V_Warning_symbol_18pt	128	static
../TFT_String/TFT_String.c:667:6:Frame_Footer_warning	32	static
../TFT_String/TFT_String.c:1618:9:TFT_ST7789V_Mute_Symbol_12pt	88	static
../TFT_String/TFT_String.c:1679:6:TFT_Time_disp	48	static
../TFT_String/TFT_String.c:1701:9:TFT_ST7789V_micro_14pt	88	static
../TFT_String/TFT_String.c:1762:9:TFT_ST7789V_star_14	88	static
../TFT_String/TFT_String.c:1826:9:TFT_ST7789V_thunder_8_pt	72	static
../TFT_String/TFT_String.c:1889:9:TFT_ST7789V_BOL_search	128	static
../TFT_String/TFT_String.c:1945:6:lcd_drawline	48	static
