D:/01_Vignesh Babu R/04_Workouts/Neon-S/2025/04_APR/24-04-2025/Neon_S_V_2.59_Final_review_verification/Battery/battery_frames.c:40:6:battery_logo	16	static
D:/01_Vignesh Babu R/04_Workouts/Neon-S/2025/04_APR/24-04-2025/Neon_S_V_2.59_Final_review_verification/Battery/battery_frames.c:57:6:battery_level	80	static
D:/01_Vignesh Babu R/04_Workouts/Neon-S/2025/04_APR/24-04-2025/Neon_S_V_2.59_Final_review_verification/Battery/battery_frames.c:79:6:battery_charge_lvl	80	static
D:/01_Vignesh Babu R/04_Workouts/Neon-S/2025/04_APR/24-04-2025/Neon_S_V_2.59_Final_review_verification/Battery/battery_frames.c:102:6:battery_warning	8	static
D:/01_Vignesh Babu R/04_Workouts/Neon-S/2025/04_APR/24-04-2025/Neon_S_V_2.59_Final_review_verification/Battery/battery_frames.c:191:6:Battery_symbol	16	static
D:/01_Vignesh Babu R/04_Workouts/Neon-S/2025/04_APR/24-04-2025/Neon_S_V_2.59_Final_review_verification/Battery/battery_frames.c:260:6:plug_symbol	16	static
