D:/01_Vignesh Babu R/04_Workouts/Neon-S/2025/04_APR/24-04-2025/Neon_S_V_2.59_Final_review_verification/Battery/Battery.c:69:10:ADC_bat_status	12	static
D:/01_Vignesh Babu R/04_Workouts/Neon-S/2025/04_APR/24-04-2025/Neon_S_V_2.59_Final_review_verification/Battery/Battery.c:127:6:batt_pin_init	0	static
D:/01_Vignesh Babu R/04_Workouts/Neon-S/2025/04_APR/24-04-2025/Neon_S_V_2.59_Final_review_verification/Battery/Battery.c:153:6:batt_stat	0	static
D:/01_Vignesh Babu R/04_Workouts/Neon-S/2025/04_APR/24-04-2025/Neon_S_V_2.59_Final_review_verification/Battery/Battery.c:241:6:power_status	0	static
D:/01_Vignesh Babu R/04_Workouts/Neon-S/2025/04_APR/24-04-2025/Neon_S_V_2.59_Final_review_verification/Battery/Battery.c:295:6:battery_status	8	static
