D:/01_Vignesh Babu R/04_Workouts/Neon-S/2025/04_APR/24-04-2025/Neon_S_V_2.59_Final_review_verification/Bolus_Concept/Bolus_Screen.c:72:6:pop_up_info_frame	32	static
D:/01_Vignesh Babu R/04_Workouts/Neon-S/2025/04_APR/24-04-2025/Neon_S_V_2.59_Final_review_verification/Bolus_Concept/Bolus_Screen.c:160:6:bolus_frame	24	static
D:/01_Vignesh Babu R/04_Workouts/Neon-S/2025/04_APR/24-04-2025/Neon_S_V_2.59_Final_review_verification/Bolus_Concept/Bolus_Screen.c:389:6:bolus_run_frame	24	static
D:/01_Vignesh Babu R/04_Workouts/Neon-S/2025/04_APR/24-04-2025/Neon_S_V_2.59_Final_review_verification/Bolus_Concept/Bolus_Screen.c:415:6:purge_frame	24	static
D:/01_Vignesh Babu R/04_Workouts/Neon-S/2025/04_APR/24-04-2025/Neon_S_V_2.59_Final_review_verification/Bolus_Concept/Bolus_Screen.c:459:6:bolus_layout	24	static
D:/01_Vignesh Babu R/04_Workouts/Neon-S/2025/04_APR/24-04-2025/Neon_S_V_2.59_Final_review_verification/Bolus_Concept/Bolus_Screen.c:496:6:bolus_frame_Option	48	static
D:/01_Vignesh Babu R/04_Workouts/Neon-S/2025/04_APR/24-04-2025/Neon_S_V_2.59_Final_review_verification/Bolus_Concept/Bolus_Screen.c:533:6:bolus_popup_frame	24	static
D:/01_Vignesh Babu R/04_Workouts/Neon-S/2025/04_APR/24-04-2025/Neon_S_V_2.59_Final_review_verification/Bolus_Concept/Bolus_Screen.c:564:9:bolus_popup	16	static
D:/01_Vignesh Babu R/04_Workouts/Neon-S/2025/04_APR/24-04-2025/Neon_S_V_2.59_Final_review_verification/Bolus_Concept/Bolus_Screen.c:609:6:bolus_FR_spliting	48	static
D:/01_Vignesh Babu R/04_Workouts/Neon-S/2025/04_APR/24-04-2025/Neon_S_V_2.59_Final_review_verification/Bolus_Concept/Bolus_Screen.c:367:7:bolus_fr_screen	8	static
D:/01_Vignesh Babu R/04_Workouts/Neon-S/2025/04_APR/24-04-2025/Neon_S_V_2.59_Final_review_verification/Bolus_Concept/Bolus_Screen.c:441:6:purge_bolus	8	static
D:/01_Vignesh Babu R/04_Workouts/Neon-S/2025/04_APR/24-04-2025/Neon_S_V_2.59_Final_review_verification/Bolus_Concept/Bolus_Screen.c:682:10:Bolus_Limit_syringe	0	static
D:/01_Vignesh Babu R/04_Workouts/Neon-S/2025/04_APR/24-04-2025/Neon_S_V_2.59_Final_review_verification/Bolus_Concept/Bolus_Screen.c:178:6:bolus_fun	40	static
