D:/01_Vignesh Babu R/04_Workouts/Neon-S/2025/04_APR/24-04-2025/Neon_S_V_2.59_Final_review_verification/Bolus_Concept/Bolus_Calculate..c:63:6:auto_bolus_stop	16	static
D:/01_Vignesh Babu R/04_Workouts/Neon-S/2025/04_APR/24-04-2025/Neon_S_V_2.59_Final_review_verification/Bolus_Concept/Bolus_Calculate..c:80:6:bolus	8	static
D:/01_Vignesh Babu R/04_Workouts/Neon-S/2025/04_APR/24-04-2025/Neon_S_V_2.59_Final_review_verification/Bolus_Concept/Bolus_Calculate..c:132:6:bolus_to_normal_run	8	static
D:/01_Vignesh Babu R/04_Workouts/Neon-S/2025/04_APR/24-04-2025/Neon_S_V_2.59_Final_review_verification/Bolus_Concept/Bolus_Calculate..c:101:6:bolus_mode_stop	8	static
