../Boot_up/Boot_up.c:122:6:Boot_up	8	static
../Boot_up/Boot_up.c:159:6:progress_bar	56	static
../Boot_up/Boot_up.c:554:11:TFT_String_align	24	static
../Boot_up/Boot_up.c:188:6:shutting_down	24	static
../Boot_up/Boot_up.c:572:6:EEPROM_menu_sett_write	16	static
../Boot_up/Boot_up.c:669:6:EEPROM_occul_write_data	24	static
../Boot_up/Boot_up.c:714:6:EEPROM_Plunger_tuning_calib_write	8	static
../Boot_up/Boot_up.c:736:6:EEPROM_SL_calib_write	24	static
../Boot_up/Boot_up.c:758:6:EEPROM_SD_calib_write	32	static
../Boot_up/Boot_up.c:803:6:EEPROM_fact_write	16	static
../Boot_up/Boot_up.c:376:6:EEPROM_default_write	8	static
../Boot_up/Boot_up.c:829:6:EEPROM_menu_sett_read	32	static
../Boot_up/Boot_up.c:1012:6:EEPROM_fact_sett_read	8	static
../Boot_up/Boot_up.c:1045:6:Plunger_Tuning_EEPROM_read	8	static
../Boot_up/Boot_up.c:1072:6:EEPROM_SD_READ	24	static
../Boot_up/Boot_up.c:1106:6:Pressure_EEPROM_read	24	static
../Boot_up/Boot_up.c:395:6:EEPROM_value_read	8	static
../Boot_up/Boot_up.c:212:6:self_test_process	40	static
