D:/01_Vignesh Babu R/04_Workouts/Neon-S/2025/04_APR/24-04-2025/Neon_S_V_2.59_Final_review_verification/Boot_up/Boot_up.c:122:6:Boot_up	8	static
D:/01_Vignesh Babu R/04_Workouts/Neon-S/2025/04_APR/24-04-2025/Neon_S_V_2.59_Final_review_verification/Boot_up/Boot_up.c:161:6:progress_bar	56	static
D:/01_Vignesh Babu R/04_Workouts/Neon-S/2025/04_APR/24-04-2025/Neon_S_V_2.59_Final_review_verification/Boot_up/Boot_up.c:556:11:TFT_String_align	24	static
D:/01_Vignesh Babu R/04_Workouts/Neon-S/2025/04_APR/24-04-2025/Neon_S_V_2.59_Final_review_verification/Boot_up/Boot_up.c:190:6:shutting_down	24	static
D:/01_Vignesh Babu R/04_Workouts/Neon-S/2025/04_APR/24-04-2025/Neon_S_V_2.59_Final_review_verification/Boot_up/Boot_up.c:574:6:EEPROM_menu_sett_write	16	static
D:/01_Vignesh Babu R/04_Workouts/Neon-S/2025/04_APR/24-04-2025/Neon_S_V_2.59_Final_review_verification/Boot_up/Boot_up.c:671:6:EEPROM_occul_write_data	32	static
D:/01_Vignesh Babu R/04_Workouts/Neon-S/2025/04_APR/24-04-2025/Neon_S_V_2.59_Final_review_verification/Boot_up/Boot_up.c:716:6:EEPROM_Plunger_tuning_calib_write	8	static
D:/01_Vignesh Babu R/04_Workouts/Neon-S/2025/04_APR/24-04-2025/Neon_S_V_2.59_Final_review_verification/Boot_up/Boot_up.c:738:6:EEPROM_SL_calib_write	24	static
D:/01_Vignesh Babu R/04_Workouts/Neon-S/2025/04_APR/24-04-2025/Neon_S_V_2.59_Final_review_verification/Boot_up/Boot_up.c:760:6:EEPROM_SD_calib_write	32	static
D:/01_Vignesh Babu R/04_Workouts/Neon-S/2025/04_APR/24-04-2025/Neon_S_V_2.59_Final_review_verification/Boot_up/Boot_up.c:805:6:EEPROM_fact_write	16	static
D:/01_Vignesh Babu R/04_Workouts/Neon-S/2025/04_APR/24-04-2025/Neon_S_V_2.59_Final_review_verification/Boot_up/Boot_up.c:378:6:EEPROM_default_write	8	static
D:/01_Vignesh Babu R/04_Workouts/Neon-S/2025/04_APR/24-04-2025/Neon_S_V_2.59_Final_review_verification/Boot_up/Boot_up.c:831:6:EEPROM_menu_sett_read	32	static
D:/01_Vignesh Babu R/04_Workouts/Neon-S/2025/04_APR/24-04-2025/Neon_S_V_2.59_Final_review_verification/Boot_up/Boot_up.c:1014:6:EEPROM_fact_sett_read	8	static
D:/01_Vignesh Babu R/04_Workouts/Neon-S/2025/04_APR/24-04-2025/Neon_S_V_2.59_Final_review_verification/Boot_up/Boot_up.c:1047:6:Plunger_Tuning_EEPROM_read	8	static
D:/01_Vignesh Babu R/04_Workouts/Neon-S/2025/04_APR/24-04-2025/Neon_S_V_2.59_Final_review_verification/Boot_up/Boot_up.c:1074:6:EEPROM_SD_READ	24	static
D:/01_Vignesh Babu R/04_Workouts/Neon-S/2025/04_APR/24-04-2025/Neon_S_V_2.59_Final_review_verification/Boot_up/Boot_up.c:1108:6:Pressure_EEPROM_read	24	static
D:/01_Vignesh Babu R/04_Workouts/Neon-S/2025/04_APR/24-04-2025/Neon_S_V_2.59_Final_review_verification/Boot_up/Boot_up.c:397:6:EEPROM_value_read	8	static
D:/01_Vignesh Babu R/04_Workouts/Neon-S/2025/04_APR/24-04-2025/Neon_S_V_2.59_Final_review_verification/Boot_up/Boot_up.c:214:6:self_test_process	40	static
