../Syringe_Length_Calibration/SYR_length_calib.c:123:6:display_GLOW_SECOND_Options	88	static
../Syringe_Length_Calibration/SYR_length_calib.c:375:6:plunger_adc_live_main_screen	40	static
../Syringe_Length_Calibration/SYR_length_calib.c:520:6:frame_footer_ok_conform	16	static
../Syringe_Length_Calibration/SYR_length_calib.c:539:6:frame_footer_press_ok_to_conform	16	static
../Syringe_Length_Calibration/SYR_length_calib.c:552:6:frame_footer_press_ok_to_edit	16	static
../Syringe_Length_Calibration/SYR_length_calib.c:710:6:split_frame	16	static
../Syringe_Length_Calibration/SYR_length_calib.c:739:6:Digit_Spiliting_L	40	static
../Syringe_Length_Calibration/SYR_length_calib.c:784:6:length_option_scroll	56	static
../Syringe_Length_Calibration/SYR_length_calib.c:566:10:syringe_length_edit	40	static
../Syringe_Length_Calibration/SYR_length_calib.c:847:6:Left_Right_Indi_L	24	static
../Syringe_Length_Calibration/SYR_length_calib.c:1064:6:edit_split_frame2	32	static
../Syringe_Length_Calibration/SYR_length_calib.c:1088:6:Digit_Spiliting2	64	static
../Syringe_Length_Calibration/SYR_length_calib.c:1147:6:edit_option_scroll2	64	static
../Syringe_Length_Calibration/SYR_length_calib.c:886:10:edit_screen_1	72	static
../Syringe_Length_Calibration/SYR_length_calib.c:302:9:syringe_len_collar_len_main_screen	40	static
../Syringe_Length_Calibration/SYR_length_calib.c:248:6:acc_len_NAV_section	24	static
../Syringe_Length_Calibration/SYR_length_calib.c:1212:6:plunger_based_o_ml_max_ml_calculate	32	static
../Syringe_Length_Calibration/SYR_length_calib.c:1290:6:SL_EEPROM_read	40	static
