D:/01_Vignesh Babu R/04_Workouts/Neon-S/2025/04_APR/24-04-2025/Neon_S_V_2.59_Final_review_verification/Drug_List/Rec_drug_list.c:265:9:recently_used_fun	8	static
D:/01_Vignesh Babu R/04_Workouts/Neon-S/2025/04_APR/24-04-2025/Neon_S_V_2.59_Final_review_verification/Drug_List/Rec_drug_list.c:44:9:recent_drug_fun	72	static
D:/01_Vignesh Babu R/04_Workouts/Neon-S/2025/04_APR/24-04-2025/Neon_S_V_2.59_Final_review_verification/Drug_List/Rec_drug_list.c:330:6:recent_eeprom_write	24	static
D:/01_Vignesh Babu R/04_Workouts/Neon-S/2025/04_APR/24-04-2025/Neon_S_V_2.59_Final_review_verification/Drug_List/Rec_drug_list.c:348:6:recent_eeprom_read	24	static
