../source/SD_Calib.c:168:9:SD_mode	40	static
../source/SD_Calib.c:402:10:ADC_sdsample	12	static
../source/SD_Calib.c:463:9:pullin_check	40	static
../source/SD_Calib.c:576:9:pull_out_check	40	static
../source/SD_Calib.c:915:10:syr_adc_val_load	8	static
../source/SD_Calib.c:965:6:syr_adc_val_min	0	static
../source/SD_Calib.c:677:9:indiv_syr_calib	48	static
../source/SD_Calib.c:796:6:calib_all	48	static
../source/SD_Calib.c:1044:15:detect_syringe_size	8	static
../source/SD_Calib.c:1003:6:syringe_disp_status	56	static
../source/SD_Calib.c:1113:6:max_val_display	0	static
../source/SD_Calib.c:1130:10:ADC_power_key_sampling	12	static
../source/SD_Calib.c:1186:6:SD_Calibration	40	static
../source/SD_Calib.c:1256:6:minval_maxval_display	24	static
../source/SD_Calib.c:221:9:SD_Calibration_option_selection	48	static
../source/SD_Calib.c:1340:6:EEPROM_SD_READ	24	static
