../source/SYR_length_calib.c:102:6:display_GLOW_SECOND_Options	88	static
../source/SYR_length_calib.c:317:6:plunger_adc_live_main_screen	40	static
../source/SYR_length_calib.c:432:6:frame_footer_ok_conform	16	static
../source/SYR_length_calib.c:451:6:frame_footer_press_ok_to_conform	16	static
../source/SYR_length_calib.c:464:6:frame_footer_press_ok_to_edit	16	static
../source/SYR_length_calib.c:621:6:split_frame	16	static
../source/SYR_length_calib.c:650:6:Digit_Spiliting_L	40	static
../source/SYR_length_calib.c:695:6:length_option_scroll	56	static
../source/SYR_length_calib.c:478:10:syringe_length_edit	40	static
../source/SYR_length_calib.c:758:6:Left_Right_Indi_L	24	static
../source/SYR_length_calib.c:955:6:edit_split_frame2	32	static
../source/SYR_length_calib.c:979:6:Digit_Spiliting2	64	static
../source/SYR_length_calib.c:1038:6:edit_option_scroll2	64	static
../source/SYR_length_calib.c:797:10:edit_screen_1	72	static
../source/SYR_length_calib.c:258:9:syringe_len_collar_len_main_screen	32	static
../source/SYR_length_calib.c:205:6:acc_len_NAV_section	24	static
../source/SYR_length_calib.c:151:6:accu_calib_setting	16	static
../source/SYR_length_calib.c:1103:6:plunger_based_o_ml_max_ml_calculate	40	static
../source/SYR_length_calib.c:1181:6:SL_EEPROM_read	24	static
