../source/TFT_String.c:97:9:TFT_ST7789V_sercch_symbol_24pt	56	static
../source/TFT_String.c:197:9:TFT_ST7789V_tick_symbol_14pt	88	static
../source/TFT_String.c:254:9:TFT_ST7789V_keylock4_symbol_16pt	144	static
../source/TFT_String.c:307:9:TFT_ST7789V_keyunlock4_symbol_16pt	144	static
../source/TFT_String.c:472:22:ascii_details	12	static
../source/TFT_String.c:421:10:TFT_writechar	80	static
../source/TFT_String.c:404:10:TFT_String	32	static
../source/TFT_String.c:184:6:TFT_Number_month	32	static
../source/TFT_String.c:362:10:TFT_writenumber_float	48	static
../source/TFT_String.c:376:10:TFT_writenumber_float_1d	48	static
../source/TFT_String.c:391:6:TFT_Number	48	static
../source/TFT_String.c:522:6:Font_Select	0	static
../source/TFT_String.c:160:6:TFT_screen_saver_Time_disp	48	static
../source/TFT_String.c:582:6:TFT_ST7789V__Bottom_curve	48	static
../source/TFT_String.c:701:10:Letters_Alignments	56	static
../source/TFT_String.c:605:6:Frame_Header	24	static
../source/TFT_String.c:618:6:Frame_Footer_NC	24	static
../source/TFT_String.c:633:6:Frame_Footer	40	static
../source/TFT_String.c:768:9:TFT_ST7789V_left_Right_arrow_14_arial	72	static
../source/TFT_String.c:825:9:TFT_ST7789V_up_down_arrow_20_arial	88	static
../source/TFT_String.c:882:9:TFT_ST7789V_Left_Arrow_35pt	120	static
../source/TFT_String.c:983:9:ZOOZ_LOGO	2224	static
../source/TFT_String.c:1103:10:Right_Alignments	48	static
../source/TFT_String.c:1136:10:Dosage_Alignments	40	static
../source/TFT_String.c:1169:10:Flow_rate_Alignments	40	static
../source/TFT_String.c:1250:9:TFT_ST7789V_Triangle_24pt	152	static
../source/TFT_String.c:1361:9:TFT_ST7789V_Exclamatory_9pt_arial	72	static
../source/TFT_String.c:1424:9:TFT_ST7789V_Left_Arrow_22pt	104	static
../source/TFT_String.c:1486:10:TFT_ST7789V_ALARM_ARROW_20pt	96	static
../source/TFT_String.c:1550:9:TFT_ST7789V_Warning_symbol_18pt	128	static
../source/TFT_String.c:665:6:Frame_Footer_warning	32	static
../source/TFT_String.c:1609:9:TFT_ST7789V_Mute_Symbol_12pt	88	static
../source/TFT_String.c:1670:6:TFT_Time_disp	48	static
../source/TFT_String.c:1692:9:TFT_ST7789V_micro_14pt	88	static
../source/TFT_String.c:1753:9:TFT_ST7789V_star_14	88	static
../source/TFT_String.c:1817:9:TFT_ST7789V_thunder_8_pt	72	static
../source/TFT_String.c:1880:9:TFT_ST7789V_BOL_search	128	static
