D:/01_Vignesh Babu R/04_Workouts/Neon-S/2025/04_APR/24-04-2025/Neon_S_V_2.59_Final_review_verification/Dose_rate/Dosage_mode.c:150:9:dose_conc_setting	8	static
D:/01_Vignesh Babu R/04_Workouts/Neon-S/2025/04_APR/24-04-2025/Neon_S_V_2.59_Final_review_verification/Dose_rate/Dosage_mode.c:168:9:dose_conc_setting_ml	8	static
D:/01_Vignesh Babu R/04_Workouts/Neon-S/2025/04_APR/24-04-2025/Neon_S_V_2.59_Final_review_verification/Dose_rate/Dosage_mode.c:182:9:pat_weight_fun	8	static
D:/01_Vignesh Babu R/04_Workouts/Neon-S/2025/04_APR/24-04-2025/Neon_S_V_2.59_Final_review_verification/Dose_rate/Dosage_mode.c:373:9:dosage_fun	8	static
D:/01_Vignesh Babu R/04_Workouts/Neon-S/2025/04_APR/24-04-2025/Neon_S_V_2.59_Final_review_verification/Dose_rate/Dosage_mode.c:196:9:drug_unit_settings	56	static
D:/01_Vignesh Babu R/04_Workouts/Neon-S/2025/04_APR/24-04-2025/Neon_S_V_2.59_Final_review_verification/Dose_rate/Dosage_mode.c:389:9:dose_unit_Screen	40	static
D:/01_Vignesh Babu R/04_Workouts/Neon-S/2025/04_APR/24-04-2025/Neon_S_V_2.59_Final_review_verification/Dose_rate/Dosage_mode.c:512:9:overview_screen	48	static
D:/01_Vignesh Babu R/04_Workouts/Neon-S/2025/04_APR/24-04-2025/Neon_S_V_2.59_Final_review_verification/Dose_rate/Dosage_mode.c:82:9:dose_rate_mode	56	static
D:/01_Vignesh Babu R/04_Workouts/Neon-S/2025/04_APR/24-04-2025/Neon_S_V_2.59_Final_review_verification/Dose_rate/Dosage_mode.c:699:6:dosage_range_limit_fun	32	static
