D:/01_Vignesh Babu R/04_Workouts/Neon-S/2025/04_APR/24-04-2025/Neon_S_V_2.59_Final_review_verification/Infused_Calculate/Infused_Calculate.c:48:6:infuseD_ml	0	static
D:/01_Vignesh Babu R/04_Workouts/Neon-S/2025/04_APR/24-04-2025/Neon_S_V_2.59_Final_review_verification/Infused_Calculate/Infused_Calculate.c:63:5:sec_to_time_format	16	static
D:/01_Vignesh Babu R/04_Workouts/Neon-S/2025/04_APR/24-04-2025/Neon_S_V_2.59_Final_review_verification/Infused_Calculate/Infused_Calculate.c:81:6:infused_data	80	static
D:/01_Vignesh Babu R/04_Workouts/Neon-S/2025/04_APR/24-04-2025/Neon_S_V_2.59_Final_review_verification/Infused_Calculate/Infused_Calculate.c:183:6:infuse_status	8	static
D:/01_Vignesh Babu R/04_Workouts/Neon-S/2025/04_APR/24-04-2025/Neon_S_V_2.59_Final_review_verification/Infused_Calculate/Infused_Calculate.c:252:6:infuse_clr	0	static
D:/01_Vignesh Babu R/04_Workouts/Neon-S/2025/04_APR/24-04-2025/Neon_S_V_2.59_Final_review_verification/Infused_Calculate/Infused_Calculate.c:268:6:near_to_target	0	static
D:/01_Vignesh Babu R/04_Workouts/Neon-S/2025/04_APR/24-04-2025/Neon_S_V_2.59_Final_review_verification/Infused_Calculate/Infused_Calculate.c:324:6:Target_ml_clear	0	static
