../SD_Calibration/SD_Calib_frames.c:71:6:SD_layout	16	static
../SD_Calibration/SD_Calib_frames.c:150:6:min_max_val_header_footer	24	static
../SD_Calibration/SD_Calib_frames.c:174:6:syringe_adc_val	32	static
../SD_Calibration/SD_Calib_frames.c:209:9:pop_up_screen	24	static
../SD_Calibration/SD_Calib_frames.c:229:9:pop_up_erase	24	static
../SD_Calibration/SD_Calib_frames.c:244:6:syringe_selection_screen	16	static
../SD_Calibration/SD_Calib_frames.c:277:6:frames_syringe_option	56	static
../SD_Calibration/SD_Calib_frames.c:338:6:sd_cursor_sel	64	static
../SD_Calibration/SD_Calib_frames.c:390:6:pull_in_frame	24	static
../SD_Calibration/SD_Calib_frames.c:418:6:pullin_popup	24	static
../SD_Calibration/SD_Calib_frames.c:443:6:pull_out_frame	24	static
../SD_Calibration/SD_Calib_frames.c:470:6:pull_out_popup	24	static
../SD_Calibration/SD_Calib_frames.c:496:6:calib_all_frame	24	static
../SD_Calibration/SD_Calib_frames.c:524:6:calibrate_popup	24	static
../SD_Calibration/SD_Calib_frames.c:548:6:calibrate_popup_erase	16	static
../SD_Calibration/SD_Calib_frames.c:559:6:minval_adc_option_screen	48	static
../SD_Calibration/SD_Calib_frames.c:597:6:sd_calib_placement_frames	16	static
../SD_Calibration/SD_Calib_frames.c:91:9:syr_place_screen	24	static
