../SD_Calibration/SD_Calib.c:183:9:SD_mode	40	static
../SD_Calibration/SD_Calib.c:417:10:ADC_sdsample	0	static
../SD_Calibration/SD_Calib.c:478:9:pullin_check	40	static
../SD_Calibration/SD_Calib.c:590:9:pull_out_check	40	static
../SD_Calibration/SD_Calib.c:940:10:syr_adc_val_load	8	static
../SD_Calibration/SD_Calib.c:1002:6:syr_adc_val_min	0	static
../SD_Calibration/SD_Calib.c:691:9:indiv_syr_calib	56	static
../SD_Calibration/SD_Calib.c:823:6:calib_all	56	static
../SD_Calibration/SD_Calib.c:1095:9:detect_syringe_size	16	static
../SD_Calibration/SD_Calib.c:1042:6:syringe_disp_status	56	static
../SD_Calibration/SD_Calib.c:1198:10:ADC_power_key_sampling	12	static
../SD_Calibration/SD_Calib.c:1254:6:SD_Calibration	32	static
../SD_Calibration/SD_Calib.c:1322:6:minval_maxval_display	32	static
../SD_Calibration/SD_Calib.c:1397:6:SD_calib_layout	16	static
../SD_Calibration/SD_Calib.c:236:9:SD_Calibration_option_selection	48	static
