D:/01_Vignesh Babu R/04_Workouts/Neon-S/2025/04_APR/24-04-2025/Neon_S_V_2.59_Final_review_verification/Driver_ST7789V/TFT_Commands.c:14:6:ST7789V_PIN_conf	0	static
D:/01_Vignesh Babu R/04_Workouts/Neon-S/2025/04_APR/24-04-2025/Neon_S_V_2.59_Final_review_verification/Driver_ST7789V/TFT_Commands.c:45:6:SPI_cmd	8	static
D:/01_Vignesh Babu R/04_Workouts/Neon-S/2025/04_APR/24-04-2025/Neon_S_V_2.59_Final_review_verification/Driver_ST7789V/TFT_Commands.c:57:6:SPI_data	8	static
D:/01_Vignesh Babu R/04_Workouts/Neon-S/2025/04_APR/24-04-2025/Neon_S_V_2.59_Final_review_verification/Driver_ST7789V/TFT_Commands.c:260:6:TFT_ST7789V_BlockWrite	32	static
D:/01_Vignesh Babu R/04_Workouts/Neon-S/2025/04_APR/24-04-2025/Neon_S_V_2.59_Final_review_verification/Driver_ST7789V/TFT_Commands.c:329:6:delay_us	0	static
D:/01_Vignesh Babu R/04_Workouts/Neon-S/2025/04_APR/24-04-2025/Neon_S_V_2.59_Final_review_verification/Driver_ST7789V/TFT_Commands.c:69:6:TFT_ST7789V_init	80	static
