D:/01_Vignesh Babu R/04_Workouts/Neon-S/2025/04_APR/24-04-2025/Neon_S_V_2.59_Final_review_verification/Last_Infusion_clear/Last_infusion.c:26:9:last_infused_data	8	static
D:/01_Vignesh Babu R/04_Workouts/Neon-S/2025/04_APR/24-04-2025/Neon_S_V_2.59_Final_review_verification/Last_Infusion_clear/Last_infusion.c:62:6:VTBI_reset	0	static
D:/01_Vignesh Babu R/04_Workouts/Neon-S/2025/04_APR/24-04-2025/Neon_S_V_2.59_Final_review_verification/Last_Infusion_clear/Last_infusion.c:70:6:Dosage_value_reset	0	static
