../Pressure_Calibration/Pressure_calib.c:110:10:Pressure_ADC	8	static
../Pressure_Calibration/Pressure_calib.c:602:6:frame_Pressure_calib	32	static
../Pressure_Calibration/Pressure_calib.c:668:6:warning_screen_0PSI	24	static
../Pressure_Calibration/Pressure_calib.c:704:6:warning_screen_20PSI	24	static
../Pressure_Calibration/Pressure_calib.c:741:6:INFO_Screen_0PSI	32	static
../Pressure_Calibration/Pressure_calib.c:232:6:Zero_psi_calibration	32	static
../Pressure_Calibration/Pressure_calib.c:783:6:INFO_Screen_20PSI	24	static
../Pressure_Calibration/Pressure_calib.c:802:6:Running_symbol	104	static
../Pressure_Calibration/Pressure_calib.c:847:10:X_pos_align	0	static
../Pressure_Calibration/Pressure_calib.c:365:6:Twenty_PSI_Calibration	64	static
../Pressure_Calibration/Pressure_calib.c:142:6:Pressure_calib_setting	40	static
